// Jest Snapshot v1, https://goo.gl/fbAQLP

exports[`Pruebas en <TodoApp/> Debe mostrarse correctamente 1`] = `
<div>
  <h2>
    Todo App ( 
    0
     ) 
  </h2>
  <div
    className="row"
  >
    <div
      className="col-7"
    >
      <TodoList
        handleDelete={[Function]}
        handleToggle={[Function]}
        todos={Array []}
      />
    </div>
    <div
      className="col-5 text-center"
    >
      <TodoAdd
        handleAddTodo={[Function]}
      />
    </div>
  </div>
</div>
`;
