// Jest Snapshot v1, https://goo.gl/fbAQLP

exports[`Pruebas en <GifGrid /> Debe mostrar correctamente el componente. 1`] = `
<Fragment>
  <h3>
    goku
  </h3>
  <p
    className="animate__animated animate__flash"
  >
    Loading...
  </p>
  <div
    className="card-flex"
  />
</Fragment>
`;
