// Jest Snapshot v1, https://goo.gl/fbAQLP

exports[`Pruebas en <HomeScreen/> Debe de mostrar el componente correctamente 1`] = `
<div>
  <h2>
    Home
  </h2>
  <pre>
    {
   "name": "Angel",
   "email": "email@domain.com"
}
  </pre>
</div>
`;
