// Jest Snapshot v1, https://goo.gl/fbAQLP

exports[`Pruebas en <LoginScreen/> debe mostrarse correctamente 1`] = `
<div>
  <h2>
    Login
  </h2>
  <button
    className="btn btn-outline-primary"
    onClick={[Function]}
  >
    Login
  </button>
</div>
`;
