// Jest Snapshot v1, https://goo.gl/fbAQLP

exports[`Pruebas en <SearchScreen/> debe de mostrar a batman y el input del queryString 1`] = `
<div>
  <h1>
    Search Screen
  </h1>
  <hr />
  <div
    className="row"
  >
    <div
      className="col-5"
    >
      <h4>
        Search Form
      </h4>
      <hr />
      <form
        onSubmit={[Function]}
      >
        <input
          className="form-control"
          name="searchText"
          onChange={[Function]}
          placeholder="Find your hero"
          type="text"
          value="batman"
        />
        <button
          className="btn btn-outline-primary mt-2"
          type="submit"
          value="Search..."
        >
           Search 
        </button>
      </form>
    </div>
    <div
      className="col-7"
    >
      <h4>
        Results
      </h4>
      <hr />
      <div
        className="card col-3 m-3   "
        style={
          Object {
            "maxWidth": 600,
          }
        }
      >
        <div
          className="row no-gutters justify-content-center"
        >
          <img
            alt="Batman"
            className="card-img"
            src="./assets/heroes/dc-batman.jpg"
          />
          <div
            className="card-body"
          >
            <h5
              className="card-title"
            >
              Batman
            </h5>
            <p
              className="card-text"
            >
              Bruce Wayne
            </p>
            <p
              className="card-text"
            >
              <small
                className="text-muted"
              />
            </p>
            <a
              href="/hero/dc-batman"
              onClick={[Function]}
            >
              MÃ¡s...
            </a>
          </div>
        </div>
      </div>
    </div>
  </div>
</div>
`;

exports[`Pruebas en <SearchScreen/> debe de mostrar un error si no se encuentra el query 1`] = `
<div>
  <h1>
    Search Screen
  </h1>
  <hr />
  <div
    className="row"
  >
    <div
      className="col-5"
    >
      <h4>
        Search Form
      </h4>
      <hr />
      <form
        onSubmit={[Function]}
      >
        <input
          className="form-control"
          name="searchText"
          onChange={[Function]}
          placeholder="Find your hero"
          type="text"
          value="batman123"
        />
        <button
          className="btn btn-outline-primary mt-2"
          type="submit"
          value="Search..."
        >
           Search 
        </button>
      </form>
    </div>
    <div
      className="col-7"
    >
      <h4>
        Results
      </h4>
      <hr />
      <div
        className="alert alert-warning"
      >
        There is not a hero with "
        batman123
        "
      </div>
    </div>
  </div>
</div>
`;

exports[`Pruebas en <SearchScreen/> debe de mostrarse correctamente con los valores por defecto 1`] = `
<div>
  <h1>
    Search Screen
  </h1>
  <hr />
  <div
    className="row"
  >
    <div
      className="col-5"
    >
      <h4>
        Search Form
      </h4>
      <hr />
      <form
        onSubmit={[Function]}
      >
        <input
          className="form-control"
          name="searchText"
          onChange={[Function]}
          placeholder="Find your hero"
          type="text"
          value=""
        />
        <button
          className="btn btn-outline-primary mt-2"
          type="submit"
          value="Search..."
        >
           Search 
        </button>
      </form>
    </div>
    <div
      className="col-7"
    >
      <h4>
        Results
      </h4>
      <hr />
      <div
        className="alert alert-info"
      >
        Search a Hero
      </div>
    </div>
  </div>
</div>
`;
